warning: in the working copy of 'app/src/main/java/com/baigao/countdown/Countdown.kt', LF will be replaced by CRLF the next time Git touches it
warning: in the working copy of 'app/src/main/res/drawable/about_icon_bg.xml', LF will be replaced by CRLF the next time Git touches it
warning: in the working copy of 'app/src/main/res/drawable/circle_btn.xml', LF will be replaced by CRLF the next time Git touches it
warning: in the working copy of 'app/src/main/res/drawable/menu_item_bg.xml', LF will be replaced by CRLF the next time Git touches it
warning: in the working copy of 'README_EN.md', LF will be replaced by CRLF the next time Git touches it
warning: in the working copy of 'app/src/main/java/com/baigao/countdown/ApkProvider.kt', LF will be replaced by CRLF the next time Git touches it
warning: in the working copy of 'app/src/main/java/com/baigao/countdown/CountdownAnimator.kt', LF will be replaced by CRLF the next time Git touches it
warning: in the working copy of 'app/src/main/java/com/baigao/countdown/CountdownFinishReceiver.kt', LF will be replaced by CRLF the next time Git touches it
warning: in the working copy of 'app/src/main/java/com/baigao/countdown/DoseEditor.kt', LF will be replaced by CRLF the next time Git touches it
warning: in the working copy of 'app/src/main/java/com/baigao/countdown/GlassBackdrop.kt', LF will be replaced by CRLF the next time Git touches it
warning: in the working copy of 'app/src/main/java/com/baigao/countdown/LockKeepActivity.kt', LF will be replaced by CRLF the next time Git touches it
warning: in the working copy of 'app/src/main/java/com/baigao/countdown/LockKeepOn.kt', LF will be replaced by CRLF the next time Git touches it
warning: in the working copy of 'app/src/main/java/com/baigao/countdown/LockScreenClock.kt', LF will be replaced by CRLF the next time Git touches it
warning: in the working copy of 'app/src/main/java/com/baigao/countdown/LockScreenRefreshReceiver.kt', LF will be replaced by CRLF the next time Git touches it
warning: in the working copy of 'app/src/main/java/com/baigao/countdown/MedicineCheckJobService.kt', LF will be replaced by CRLF the next time Git touches it
warning: in the working copy of 'app/src/main/java/com/baigao/countdown/MedicineReminderActivity.kt', LF will be replaced by CRLF the next time Git touches it
warning: in the working copy of 'app/src/main/java/com/baigao/countdown/ScreenKeepOn.kt', LF will be replaced by CRLF the next time Git touches it
warning: in the working copy of 'app/src/main/java/com/baigao/countdown/SoundNames.kt', LF will be replaced by CRLF the next time Git touches it
warning: in the working copy of 'app/src/main/java/com/baigao/countdown/TimeFormatPref.kt', LF will be replaced by CRLF the next time Git touches it
warning: in the working copy of 'app/src/main/res/drawable/dialog_bg.xml', LF will be replaced by CRLF the next time Git touches it
warning: in the working copy of 'app/src/main/res/drawable/field_bg.xml', LF will be replaced by CRLF the next time Git touches it
warning: in the working copy of 'app/src/main/res/drawable/glass_bg.xml', LF will be replaced by CRLF the next time Git touches it
warning: in the working copy of 'app/src/main/res/drawable/glass_card.xml', LF will be replaced by CRLF the next time Git touches it
warning: in the working copy of 'app/src/main/res/drawable/glass_card_solid.xml', LF will be replaced by CRLF the next time Git touches it
warning: in the working copy of 'app/src/main/res/drawable/glass_card_strong.xml', LF will be replaced by CRLF the next time Git touches it
warning: in the working copy of 'app/src/main/res/drawable/glass_chip.xml', LF will be replaced by CRLF the next time Git touches it
warning: in the working copy of 'app/src/main/res/drawable/glass_field.xml', LF will be replaced by CRLF the next time Git touches it
warning: in the working copy of 'app/src/main/res/drawable/glass_float.xml', LF will be replaced by CRLF the next time Git touches it
warning: in the working copy of 'app/src/main/res/drawable/pill_btn.xml', LF will be replaced by CRLF the next time Git touches it
warning: in the working copy of 'app/src/main/res/drawable/pill_btn_gray.xml', LF will be replaced by CRLF the next time Git touches it
warning: in the working copy of 'app/src/main/res/drawable/switch_thumb.xml', LF will be replaced by CRLF the next time Git touches it
warning: in the working copy of 'app/src/main/res/drawable/switch_track.xml', LF will be replaced by CRLF the next time Git touches it
warning: in the working copy of 'app/src/main/res/layout/activity_medicine_reminder.xml', LF will be replaced by CRLF the next time Git touches it
warning: in the working copy of 'app/src/main/res/layout/dialog_styled.xml', LF will be replaced by CRLF the next time Git touches it
warning: in the working copy of 'app/src/main/res/layout/notification_lock_clock.xml', LF will be replaced by CRLF the next time Git touches it
warning: in the working copy of 'app/src/main/res/layout/spinner_dropdown_item.xml', LF will be replaced by CRLF the next time Git touches it
warning: in the working copy of 'app/src/main/res/layout/spinner_item.xml', LF will be replaced by CRLF the next time Git touches it
warning: in the working copy of 'app/src/main/res/values/colors.xml', LF will be replaced by CRLF the next time Git touches it
warning: in the working copy of 'sync_v1039.py', LF will be replaced by CRLF the next time Git touches it
warning: in the working copy of 'sync_v177.py', LF will be replaced by CRLF the next time Git touches it
warning: in the working copy of 'sync_v178.py', LF will be replaced by CRLF the next time Git touches it
